[ +231 ms] Artifact Instance of 'MaterialFonts' is not required, skipping update.
[        ] Artifact Instance of 'GradleWrapper' is not required, skipping update.
[        ] Artifact Instance of 'AndroidGenSnapshotArtifacts' is not required, skipping update.
[        ] Artifact Instance of 'AndroidInternalBuildArtifacts' is not required, skipping update.
[        ] Artifact Instance of 'IOSEngineArtifacts' is not required, skipping update.
[        ] Artifact Instance of 'FlutterWebSdk' is not required, skipping update.
[   +1 ms] Artifact Instance of 'LegacyCanvasKitRemover' is not required, skipping update.
[        ] Artifact Instance of 'FlutterSdk' is not required, skipping update.
[        ] Artifact Instance of 'WindowsEngineArtifacts' is not required, skipping update.
[        ] Artifact Instance of 'MacOSEngineArtifacts' is not required, skipping update.
[        ] Artifact Instance of 'LinuxEngineArtifacts' is not required, skipping update.
[        ] Artifact Instance of 'LinuxFuchsiaSDKArtifacts' is not required, skipping update.
[        ] Artifact Instance of 'MacOSFuchsiaSDKArtifacts' is not required, skipping update.
[        ] Artifact Instance of 'FlutterRunnerSDKArtifacts' is not required, skipping update.
[        ] Artifact Instance of 'FlutterRunnerDebugSymbols' is not required, skipping update.
[        ] Artifact Instance of 'IosUsbArtifacts' is not required, skipping update.
[        ] Artifact Instance of 'IosUsbArtifacts' is not required, skipping update.
[        ] Artifact Instance of 'IosUsbArtifacts' is not required, skipping update.
[        ] Artifact Instance of 'IosUsbArtifacts' is not required, skipping update.
[        ] Artifact Instance of 'IosUsbArtifacts' is not required, skipping update.
[        ] Artifact Instance of 'IosUsbArtifacts' is not required, skipping update.
[        ] Artifact Instance of 'FontSubsetArtifacts' is not required, skipping update.
[        ] Artifact Instance of 'PubDependencies' is not required, skipping update.
[        ] executing: [C:\Users\skans\Downloads\flutter/] git -c log.showSignature=false log HEAD -n 1 --pretty=format:%ad --date=iso
[  +50 ms] Exit code 0 from: git -c log.showSignature=false log HEAD -n 1 --pretty=format:%ad --date=iso
[        ] 2026-02-18 13:54:59 -0800
[  +12 ms] Artifact Instance of 'AndroidGenSnapshotArtifacts' is not required, skipping update.
[        ] Artifact Instance of 'AndroidInternalBuildArtifacts' is not required, skipping update.
[        ] Artifact Instance of 'IOSEngineArtifacts' is not required, skipping update.
[        ] Artifact Instance of 'FlutterWebSdk' is not required, skipping update.
[        ] Artifact Instance of 'FlutterEngineStamp' is not required, skipping update.
[        ] Artifact Instance of 'LegacyCanvasKitRemover' is not required, skipping update.
[   +1 ms] Artifact Instance of 'WindowsEngineArtifacts' is not required, skipping update.
[        ] Artifact Instance of 'MacOSEngineArtifacts' is not required, skipping update.
[        ] Artifact Instance of 'LinuxEngineArtifacts' is not required, skipping update.
[        ] Artifact Instance of 'LinuxFuchsiaSDKArtifacts' is not required, skipping update.
[        ] Artifact Instance of 'MacOSFuchsiaSDKArtifacts' is not required, skipping update.
[        ] Artifact Instance of 'FlutterRunnerSDKArtifacts' is not required, skipping update.
[        ] Artifact Instance of 'FlutterRunnerDebugSymbols' is not required, skipping update.
[  +29 ms] Artifact Instance of 'MaterialFonts' is not required, skipping update.
[        ] Artifact Instance of 'GradleWrapper' is not required, skipping update.
[        ] Artifact Instance of 'AndroidGenSnapshotArtifacts' is not required, skipping update.
[        ] Artifact Instance of 'AndroidInternalBuildArtifacts' is not required, skipping update.
[        ] Artifact Instance of 'IOSEngineArtifacts' is not required, skipping update.
[        ] Artifact Instance of 'FlutterEngineStamp' is not required, skipping update.
[   +1 ms] Artifact Instance of 'FlutterSdk' is not required, skipping update.
[        ] Artifact Instance of 'WindowsEngineArtifacts' is not required, skipping update.
[        ] Artifact Instance of 'MacOSEngineArtifacts' is not required, skipping update.
[        ] Artifact Instance of 'LinuxEngineArtifacts' is not required, skipping update.
[        ] Artifact Instance of 'LinuxFuchsiaSDKArtifacts' is not required, skipping update.
[        ] Artifact Instance of 'MacOSFuchsiaSDKArtifacts' is not required, skipping update.
[        ] Artifact Instance of 'FlutterRunnerSDKArtifacts' is not required, skipping update.
[        ] Artifact Instance of 'FlutterRunnerDebugSymbols' is not required, skipping update.
[        ] Artifact Instance of 'IosUsbArtifacts' is not required, skipping update.
[        ] Artifact Instance of 'IosUsbArtifacts' is not required, skipping update.
[        ] Artifact Instance of 'IosUsbArtifacts' is not required, skipping update.
[        ] Artifact Instance of 'IosUsbArtifacts' is not required, skipping update.
[        ] Artifact Instance of 'IosUsbArtifacts' is not required, skipping update.
[        ] Artifact Instance of 'IosUsbArtifacts' is not required, skipping update.
[        ] Artifact Instance of 'FontSubsetArtifacts' is not required, skipping update.
[        ] Artifact Instance of 'PubDependencies' is not required, skipping update.
[  +19 ms] Skipping pub get: version match.
[  +74 ms] Found plugin youtube_player_iframe at C:\Users\skans\AppData\Local\Pub\Cache\hosted\pub.dev\youtube_player_iframe-5.2.2\
[   +4 ms] Found plugin youtube_player_iframe_web at C:\Users\skans\AppData\Local\Pub\Cache\hosted\pub.dev\youtube_player_iframe_web-3.1.2\
[   +8 ms] Found plugin webview_flutter_wkwebview at C:\Users\skans\AppData\Local\Pub\Cache\hosted\pub.dev\webview_flutter_wkwebview-3.23.8\
[   +3 ms] Found plugin webview_flutter_android at C:\Users\skans\AppData\Local\Pub\Cache\hosted\pub.dev\webview_flutter_android-4.10.13\
[   +2 ms] Found plugin webview_flutter at C:\Users\skans\AppData\Local\Pub\Cache\hosted\pub.dev\webview_flutter-4.13.1\
[   +4 ms] Found plugin url_launcher at C:\Users\skans\AppData\Local\Pub\Cache\hosted\pub.dev\url_launcher-6.3.2\
[   +2 ms] Found plugin url_launcher_windows at C:\Users\skans\AppData\Local\Pub\Cache\hosted\pub.dev\url_launcher_windows-3.1.5\
[   +3 ms] Found plugin url_launcher_web at C:\Users\skans\AppData\Local\Pub\Cache\hosted\pub.dev\url_launcher_web-2.4.2\
[   +1 ms] Found plugin url_launcher_macos at C:\Users\skans\AppData\Local\Pub\Cache\hosted\pub.dev\url_launcher_macos-3.2.5\
[   +1 ms] Found plugin url_launcher_linux at C:\Users\skans\AppData\Local\Pub\Cache\hosted\pub.dev\url_launcher_linux-3.2.2\
[   +3 ms] Found plugin url_launcher_ios at C:\Users\skans\AppData\Local\Pub\Cache\hosted\pub.dev\url_launcher_ios-6.4.1\
[   +2 ms] Found plugin url_launcher_android at C:\Users\skans\AppData\Local\Pub\Cache\hosted\pub.dev\url_launcher_android-6.3.28\
[   +5 ms] Found plugin shared_preferences at C:\Users\skans\AppData\Local\Pub\Cache\hosted\pub.dev\shared_preferences-2.5.4\
[   +2 ms] Found plugin shared_preferences_windows at C:\Users\skans\AppData\Local\Pub\Cache\hosted\pub.dev\shared_preferences_windows-2.4.1\
[   +3 ms] Found plugin path_provider_windows at C:\Users\skans\AppData\Local\Pub\Cache\hosted\pub.dev\path_provider_windows-2.3.0\
[   +9 ms] Found plugin shared_preferences_web at C:\Users\skans\AppData\Local\Pub\Cache\hosted\pub.dev\shared_preferences_web-2.4.3\
[   +3 ms] Found plugin shared_preferences_linux at C:\Users\skans\AppData\Local\Pub\Cache\hosted\pub.dev\shared_preferences_linux-2.4.1\
[   +2 ms] Found plugin path_provider_linux at C:\Users\skans\AppData\Local\Pub\Cache\hosted\pub.dev\path_provider_linux-2.2.1\
[   +2 ms] Found plugin shared_preferences_foundation at C:\Users\skans\AppData\Local\Pub\Cache\hosted\pub.dev\shared_preferences_foundation-2.5.6\
[   +1 ms] Found plugin shared_preferences_android at C:\Users\skans\AppData\Local\Pub\Cache\hosted\pub.dev\shared_preferences_android-2.4.21\
[   +4 ms] Found plugin google_sign_in at C:\Users\skans\AppData\Local\Pub\Cache\hosted\pub.dev\google_sign_in-6.3.0\
[   +1 ms] Found plugin google_sign_in_web at C:\Users\skans\AppData\Local\Pub\Cache\hosted\pub.dev\google_sign_in_web-0.12.4+4\
[   +3 ms] Found plugin google_sign_in_ios at C:\Users\skans\AppData\Local\Pub\Cache\hosted\pub.dev\google_sign_in_ios-5.9.0\
[   +1 ms] Found plugin google_sign_in_android at C:\Users\skans\AppData\Local\Pub\Cache\hosted\pub.dev\google_sign_in_android-6.2.1\
[  +31 ms] Found plugin firebase_core at C:\Users\skans\AppData\Local\Pub\Cache\hosted\pub.dev\firebase_core-4.5.0\
[   +1 ms] Found plugin firebase_core_web at C:\Users\skans\AppData\Local\Pub\Cache\hosted\pub.dev\firebase_core_web-3.5.0\
[   +3 ms] Found plugin firebase_auth at C:\Users\skans\AppData\Local\Pub\Cache\hosted\pub.dev\firebase_auth-6.2.0\
[   +1 ms] Found plugin firebase_auth_web at C:\Users\skans\AppData\Local\Pub\Cache\hosted\pub.dev\firebase_auth_web-6.1.3\
[  +10 ms] Found plugin sqflite at C:\Users\skans\AppData\Local\Pub\Cache\hosted\pub.dev\sqflite-2.4.2\
[   +3 ms] Found plugin sqflite_darwin at C:\Users\skans\AppData\Local\Pub\Cache\hosted\pub.dev\sqflite_darwin-2.4.2\
[   +1 ms] Found plugin sqflite_android at C:\Users\skans\AppData\Local\Pub\Cache\hosted\pub.dev\sqflite_android-2.4.2+2\
[   +3 ms] Found plugin path_provider at C:\Users\skans\AppData\Local\Pub\Cache\hosted\pub.dev\path_provider-2.1.5\
[   +1 ms] Found plugin path_provider_foundation at C:\Users\skans\AppData\Local\Pub\Cache\hosted\pub.dev\path_provider_foundation-2.6.0\
[   +5 ms] Found plugin path_provider_android at C:\Users\skans\AppData\Local\Pub\Cache\hosted\pub.dev\path_provider_android-2.2.22\
[  +49 ms] Found plugin youtube_player_iframe at C:\Users\skans\AppData\Local\Pub\Cache\hosted\pub.dev\youtube_player_iframe-5.2.2\
[   +2 ms] Found plugin youtube_player_iframe_web at C:\Users\skans\AppData\Local\Pub\Cache\hosted\pub.dev\youtube_player_iframe_web-3.1.2\
[   +5 ms] Found plugin webview_flutter_wkwebview at C:\Users\skans\AppData\Local\Pub\Cache\hosted\pub.dev\webview_flutter_wkwebview-3.23.8\
[   +1 ms] Found plugin webview_flutter_android at C:\Users\skans\AppData\Local\Pub\Cache\hosted\pub.dev\webview_flutter_android-4.10.13\
[   +2 ms] Found plugin webview_flutter at C:\Users\skans\AppData\Local\Pub\Cache\hosted\pub.dev\webview_flutter-4.13.1\
[   +1 ms] Found plugin url_launcher at C:\Users\skans\AppData\Local\Pub\Cache\hosted\pub.dev\url_launcher-6.3.2\
[   +1 ms] Found plugin url_launcher_windows at C:\Users\skans\AppData\Local\Pub\Cache\hosted\pub.dev\url_launcher_windows-3.1.5\
[   +1 ms] Found plugin url_launcher_web at C:\Users\skans\AppData\Local\Pub\Cache\hosted\pub.dev\url_launcher_web-2.4.2\
[        ] Found plugin url_launcher_macos at C:\Users\skans\AppData\Local\Pub\Cache\hosted\pub.dev\url_launcher_macos-3.2.5\
[        ] Found plugin url_launcher_linux at C:\Users\skans\AppData\Local\Pub\Cache\hosted\pub.dev\url_launcher_linux-3.2.2\
[        ] Found plugin url_launcher_ios at C:\Users\skans\AppData\Local\Pub\Cache\hosted\pub.dev\url_launcher_ios-6.4.1\
[        ] Found plugin url_launcher_android at C:\Users\skans\AppData\Local\Pub\Cache\hosted\pub.dev\url_launcher_android-6.3.28\
[   +4 ms] Found plugin shared_preferences at C:\Users\skans\AppData\Local\Pub\Cache\hosted\pub.dev\shared_preferences-2.5.4\
[   +1 ms] Found plugin shared_preferences_windows at C:\Users\skans\AppData\Local\Pub\Cache\hosted\pub.dev\shared_preferences_windows-2.4.1\
[   +1 ms] Found plugin path_provider_windows at C:\Users\skans\AppData\Local\Pub\Cache\hosted\pub.dev\path_provider_windows-2.3.0\
[   +5 ms] Found plugin shared_preferences_web at C:\Users\skans\AppData\Local\Pub\Cache\hosted\pub.dev\shared_preferences_web-2.4.3\
[        ] Found plugin shared_preferences_linux at C:\Users\skans\AppData\Local\Pub\Cache\hosted\pub.dev\shared_preferences_linux-2.4.1\
[   +1 ms] Found plugin path_provider_linux at C:\Users\skans\AppData\Local\Pub\Cache\hosted\pub.dev\path_provider_linux-2.2.1\
[   +1 ms] Found plugin shared_preferences_foundation at C:\Users\skans\AppData\Local\Pub\Cache\hosted\pub.dev\shared_preferences_foundation-2.5.6\
[        ] Found plugin shared_preferences_android at C:\Users\skans\AppData\Local\Pub\Cache\hosted\pub.dev\shared_preferences_android-2.4.21\
[   +4 ms] Found plugin google_sign_in at C:\Users\skans\AppData\Local\Pub\Cache\hosted\pub.dev\google_sign_in-6.3.0\
[        ] Found plugin google_sign_in_web at C:\Users\skans\AppData\Local\Pub\Cache\hosted\pub.dev\google_sign_in_web-0.12.4+4\
[   +2 ms] Found plugin google_sign_in_ios at C:\Users\skans\AppData\Local\Pub\Cache\hosted\pub.dev\google_sign_in_ios-5.9.0\
[        ] Found plugin google_sign_in_android at C:\Users\skans\AppData\Local\Pub\Cache\hosted\pub.dev\google_sign_in_android-6.2.1\
[  +26 ms] Found plugin firebase_core at C:\Users\skans\AppData\Local\Pub\Cache\hosted\pub.dev\firebase_core-4.5.0\
[   +1 ms] Found plugin firebase_core_web at C:\Users\skans\AppData\Local\Pub\Cache\hosted\pub.dev\firebase_core_web-3.5.0\
[   +1 ms] Found plugin firebase_auth at C:\Users\skans\AppData\Local\Pub\Cache\hosted\pub.dev\firebase_auth-6.2.0\
[        ] Found plugin firebase_auth_web at C:\Users\skans\AppData\Local\Pub\Cache\hosted\pub.dev\firebase_auth_web-6.1.3\
[   +6 ms] Found plugin sqflite at C:\Users\skans\AppData\Local\Pub\Cache\hosted\pub.dev\sqflite-2.4.2\
[   +3 ms] Found plugin sqflite_darwin at C:\Users\skans\AppData\Local\Pub\Cache\hosted\pub.dev\sqflite_darwin-2.4.2\
[        ] Found plugin sqflite_android at C:\Users\skans\AppData\Local\Pub\Cache\hosted\pub.dev\sqflite_android-2.4.2+2\
[   +1 ms] Found plugin path_provider at C:\Users\skans\AppData\Local\Pub\Cache\hosted\pub.dev\path_provider-2.1.5\
[   +1 ms] Found plugin path_provider_foundation at C:\Users\skans\AppData\Local\Pub\Cache\hosted\pub.dev\path_provider_foundation-2.6.0\
[   +3 ms] Found plugin path_provider_android at C:\Users\skans\AppData\Local\Pub\Cache\hosted\pub.dev\path_provider_android-2.2.22\
[  +10 ms] Skipping generating web_plugin_registrant.dart because it is up-to-date.
[  +25 ms] Found plugin youtube_player_iframe at C:\Users\skans\AppData\Local\Pub\Cache\hosted\pub.dev\youtube_player_iframe-5.2.2\
[   +1 ms] Found plugin youtube_player_iframe_web at C:\Users\skans\AppData\Local\Pub\Cache\hosted\pub.dev\youtube_player_iframe_web-3.1.2\
[   +3 ms] Found plugin webview_flutter_wkwebview at C:\Users\skans\AppData\Local\Pub\Cache\hosted\pub.dev\webview_flutter_wkwebview-3.23.8\
[        ] Found plugin webview_flutter_android at C:\Users\skans\AppData\Local\Pub\Cache\hosted\pub.dev\webview_flutter_android-4.10.13\
[   +1 ms] Found plugin webview_flutter at C:\Users\skans\AppData\Local\Pub\Cache\hosted\pub.dev\webview_flutter-4.13.1\
[        ] Found plugin url_launcher at C:\Users\skans\AppData\Local\Pub\Cache\hosted\pub.dev\url_launcher-6.3.2\
[        ] Found plugin url_launcher_windows at C:\Users\skans\AppData\Local\Pub\Cache\hosted\pub.dev\url_launcher_windows-3.1.5\
[   +1 ms] Found plugin url_launcher_web at C:\Users\skans\AppData\Local\Pub\Cache\hosted\pub.dev\url_launcher_web-2.4.2\
[   +1 ms] Found plugin url_launcher_macos at C:\Users\skans\AppData\Local\Pub\Cache\hosted\pub.dev\url_launcher_macos-3.2.5\
[        ] Found plugin url_launcher_linux at C:\Users\skans\AppData\Local\Pub\Cache\hosted\pub.dev\url_launcher_linux-3.2.2\
[        ] Found plugin url_launcher_ios at C:\Users\skans\AppData\Local\Pub\Cache\hosted\pub.dev\url_launcher_ios-6.4.1\
[        ] Found plugin url_launcher_android at C:\Users\skans\AppData\Local\Pub\Cache\hosted\pub.dev\url_launcher_android-6.3.28\
[   +2 ms] Found plugin shared_preferences at C:\Users\skans\AppData\Local\Pub\Cache\hosted\pub.dev\shared_preferences-2.5.4\
[        ] Found plugin shared_preferences_windows at C:\Users\skans\AppData\Local\Pub\Cache\hosted\pub.dev\shared_preferences_windows-2.4.1\
[   +1 ms] Found plugin path_provider_windows at C:\Users\skans\AppData\Local\Pub\Cache\hosted\pub.dev\path_provider_windows-2.3.0\
[   +4 ms] Found plugin shared_preferences_web at C:\Users\skans\AppData\Local\Pub\Cache\hosted\pub.dev\shared_preferences_web-2.4.3\
[        ] Found plugin shared_preferences_linux at C:\Users\skans\AppData\Local\Pub\Cache\hosted\pub.dev\shared_preferences_linux-2.4.1\
[        ] Found plugin path_provider_linux at C:\Users\skans\AppData\Local\Pub\Cache\hosted\pub.dev\path_provider_linux-2.2.1\
[   +1 ms] Found plugin shared_preferences_foundation at C:\Users\skans\AppData\Local\Pub\Cache\hosted\pub.dev\shared_preferences_foundation-2.5.6\
[        ] Found plugin shared_preferences_android at C:\Users\skans\AppData\Local\Pub\Cache\hosted\pub.dev\shared_preferences_android-2.4.21\
[   +3 ms] Found plugin google_sign_in at C:\Users\skans\AppData\Local\Pub\Cache\hosted\pub.dev\google_sign_in-6.3.0\
[   +1 ms] Found plugin google_sign_in_web at C:\Users\skans\AppData\Local\Pub\Cache\hosted\pub.dev\google_sign_in_web-0.12.4+4\
[   +2 ms] Found plugin google_sign_in_ios at C:\Users\skans\AppData\Local\Pub\Cache\hosted\pub.dev\google_sign_in_ios-5.9.0\
[        ] Found plugin google_sign_in_android at C:\Users\skans\AppData\Local\Pub\Cache\hosted\pub.dev\google_sign_in_android-6.2.1\
[  +22 ms] Found plugin firebase_core at C:\Users\skans\AppData\Local\Pub\Cache\hosted\pub.dev\firebase_core-4.5.0\
[        ] Found plugin firebase_core_web at C:\Users\skans\AppData\Local\Pub\Cache\hosted\pub.dev\firebase_core_web-3.5.0\
[   +1 ms] Found plugin firebase_auth at C:\Users\skans\AppData\Local\Pub\Cache\hosted\pub.dev\firebase_auth-6.2.0\
[        ] Found plugin firebase_auth_web at C:\Users\skans\AppData\Local\Pub\Cache\hosted\pub.dev\firebase_auth_web-6.1.3\
[   +6 ms] Found plugin sqflite at C:\Users\skans\AppData\Local\Pub\Cache\hosted\pub.dev\sqflite-2.4.2\
[   +3 ms] Found plugin sqflite_darwin at C:\Users\skans\AppData\Local\Pub\Cache\hosted\pub.dev\sqflite_darwin-2.4.2\
[        ] Found plugin sqflite_android at C:\Users\skans\AppData\Local\Pub\Cache\hosted\pub.dev\sqflite_android-2.4.2+2\
[   +1 ms] Found plugin path_provider at C:\Users\skans\AppData\Local\Pub\Cache\hosted\pub.dev\path_provider-2.1.5\
[        ] Found plugin path_provider_foundation at C:\Users\skans\AppData\Local\Pub\Cache\hosted\pub.dev\path_provider_foundation-2.6.0\
[   +3 ms] Found plugin path_provider_android at C:\Users\skans\AppData\Local\Pub\Cache\hosted\pub.dev\path_provider_android-2.2.22\
[   +5 ms] Generating E:\EduSphere\android\app\src\main\java\io\flutter\plugins\GeneratedPluginRegistrant.java
[   +1 ms] Skipping generating GeneratedPluginRegistrant.java because it is up-to-date.
[   +4 ms] Skipping generating generated_plugin_registrant.h because it is up-to-date.
[   +1 ms] Skipping generating generated_plugin_registrant.cc because it is up-to-date.
[   +1 ms] Skipping generating generated_plugins.cmake because it is up-to-date.
[   +1 ms] Skipping generating generated_plugin_registrant.h because it is up-to-date.
[        ] Skipping generating generated_plugin_registrant.cc because it is up-to-date.
[   +1 ms] Skipping generating generated_plugins.cmake because it is up-to-date.
[   +1 ms] Skipping generating GeneratedPluginRegistrant.h because it is up-to-date.
[   +1 ms] Skipping generating GeneratedPluginRegistrant.m because it is up-to-date.
[   +1 ms] Skipping generating GeneratedPluginRegistrant.swift because it is up-to-date.
[  +84 ms] Found plugin youtube_player_iframe at C:\Users\skans\AppData\Local\Pub\Cache\hosted\pub.dev\youtube_player_iframe-5.2.2\
[   +1 ms] Found plugin youtube_player_iframe_web at C:\Users\skans\AppData\Local\Pub\Cache\hosted\pub.dev\youtube_player_iframe_web-3.1.2\
[  +13 ms] Found plugin webview_flutter_wkwebview at C:\Users\skans\AppData\Local\Pub\Cache\hosted\pub.dev\webview_flutter_wkwebview-3.23.8\
[   +1 ms] Found plugin webview_flutter_android at C:\Users\skans\AppData\Local\Pub\Cache\hosted\pub.dev\webview_flutter_android-4.10.13\
[   +1 ms] Found plugin webview_flutter at C:\Users\skans\AppData\Local\Pub\Cache\hosted\pub.dev\webview_flutter-4.13.1\
[   +1 ms] Found plugin url_launcher at C:\Users\skans\AppData\Local\Pub\Cache\hosted\pub.dev\url_launcher-6.3.2\
[   +1 ms] Found plugin url_launcher_windows at C:\Users\skans\AppData\Local\Pub\Cache\hosted\pub.dev\url_launcher_windows-3.1.5\
[   +1 ms] Found plugin url_launcher_web at C:\Users\skans\AppData\Local\Pub\Cache\hosted\pub.dev\url_launcher_web-2.4.2\
[        ] Found plugin url_launcher_macos at C:\Users\skans\AppData\Local\Pub\Cache\hosted\pub.dev\url_launcher_macos-3.2.5\
[   +1 ms] Found plugin url_launcher_linux at C:\Users\skans\AppData\Local\Pub\Cache\hosted\pub.dev\url_launcher_linux-3.2.2\
[   +1 ms] Found plugin url_launcher_ios at C:\Users\skans\AppData\Local\Pub\Cache\hosted\pub.dev\url_launcher_ios-6.4.1\
[   +1 ms] Found plugin url_launcher_android at C:\Users\skans\AppData\Local\Pub\Cache\hosted\pub.dev\url_launcher_android-6.3.28\
[   +3 ms] Found plugin shared_preferences at C:\Users\skans\AppData\Local\Pub\Cache\hosted\pub.dev\shared_preferences-2.5.4\
[        ] Found plugin shared_preferences_windows at C:\Users\skans\AppData\Local\Pub\Cache\hosted\pub.dev\shared_preferences_windows-2.4.1\
[   +1 ms] Found plugin path_provider_windows at C:\Users\skans\AppData\Local\Pub\Cache\hosted\pub.dev\path_provider_windows-2.3.0\
[   +4 ms] Found plugin shared_preferences_web at C:\Users\skans\AppData\Local\Pub\Cache\hosted\pub.dev\shared_preferences_web-2.4.3\
[   +1 ms] Found plugin shared_preferences_linux at C:\Users\skans\AppData\Local\Pub\Cache\hosted\pub.dev\shared_preferences_linux-2.4.1\
[        ] Found plugin path_provider_linux at C:\Users\skans\AppData\Local\Pub\Cache\hosted\pub.dev\path_provider_linux-2.2.1\
[   +1 ms] Found plugin shared_preferences_foundation at C:\Users\skans\AppData\Local\Pub\Cache\hosted\pub.dev\shared_preferences_foundation-2.5.6\
[        ] Found plugin shared_preferences_android at C:\Users\skans\AppData\Local\Pub\Cache\hosted\pub.dev\shared_preferences_android-2.4.21\
[   +3 ms] Found plugin google_sign_in at C:\Users\skans\AppData\Local\Pub\Cache\hosted\pub.dev\google_sign_in-6.3.0\
[   +1 ms] Found plugin google_sign_in_web at C:\Users\skans\AppData\Local\Pub\Cache\hosted\pub.dev\google_sign_in_web-0.12.4+4\
[   +2 ms] Found plugin google_sign_in_ios at C:\Users\skans\AppData\Local\Pub\Cache\hosted\pub.dev\google_sign_in_ios-5.9.0\
[        ] Found plugin google_sign_in_android at C:\Users\skans\AppData\Local\Pub\Cache\hosted\pub.dev\google_sign_in_android-6.2.1\
[  +23 ms] Found plugin firebase_core at C:\Users\skans\AppData\Local\Pub\Cache\hosted\pub.dev\firebase_core-4.5.0\
[        ] Found plugin firebase_core_web at C:\Users\skans\AppData\Local\Pub\Cache\hosted\pub.dev\firebase_core_web-3.5.0\
[   +2 ms] Found plugin firebase_auth at C:\Users\skans\AppData\Local\Pub\Cache\hosted\pub.dev\firebase_auth-6.2.0\
[   +1 ms] Found plugin firebase_auth_web at C:\Users\skans\AppData\Local\Pub\Cache\hosted\pub.dev\firebase_auth_web-6.1.3\
[   +6 ms] Found plugin sqflite at C:\Users\skans\AppData\Local\Pub\Cache\hosted\pub.dev\sqflite-2.4.2\
[   +3 ms] Found plugin sqflite_darwin at C:\Users\skans\AppData\Local\Pub\Cache\hosted\pub.dev\sqflite_darwin-2.4.2\
[   +1 ms] Found plugin sqflite_android at C:\Users\skans\AppData\Local\Pub\Cache\hosted\pub.dev\sqflite_android-2.4.2+2\
[   +1 ms] Found plugin path_provider at C:\Users\skans\AppData\Local\Pub\Cache\hosted\pub.dev\path_provider-2.1.5\
[        ] Found plugin path_provider_foundation at C:\Users\skans\AppData\Local\Pub\Cache\hosted\pub.dev\path_provider_foundation-2.6.0\
[   +3 ms] Found plugin path_provider_android at C:\Users\skans\AppData\Local\Pub\Cache\hosted\pub.dev\path_provider_android-2.2.22\
[   +2 ms] generated_plugin_registrant.dart not found. Skipping.
[        ] Compiling lib\main.dart for the Web...
[   +3 ms] Initializing file store
[  +10 ms] Done initializing file store
[  +49 ms] Skipping target: web_entrypoint
[   +1 ms] invalidated build due to missing files: E:\EduSphere\web\*\index.html, E:\EduSphere\web\flutter_bootstrap.js
[   +2 ms] Skipping target: dart_build
[   +1 ms] Skipping target: gen_localizations
[   +2 ms] web_templated_files: Starting due to {InvalidatedReasonKind.outputMissing: The following outputs were missing: E:\EduSphere\build\web\*\index.html, InvalidatedReasonKind.inputMissing: The following inputs were missing: E:\EduSphere\web\*\index.html,E:\EduSphere\web\flutter_bootstrap.js}
[   +1 ms] web_static_assets: Starting due to {InvalidatedReasonKind.outputMissing: The following outputs were missing: E:\EduSphere\.dart_tool\flutter_build\47638bde7e51e4b5f98dbf777824da38\flutter.js,E:\EduSphere\.dart_tool\flutter_build\47638bde7e51e4b5f98dbf777824da38\canvaskit\canvaskit.js,E:\EduSphere\.dart_tool\flutter_build\47638bde7e51e4b5f98dbf777824da38\canvaskit\canvaskit.js.symbols,E:\EduSphere\.dart_tool\flutter_build\47638bde7e51e4b5f98dbf777824da38\canvaskit\canvaskit.wasm,E:\EduSphere\.dart_tool\flutter_build\47638bde7e51e4b5f98dbf777824da38\canvaskit\chromium\canvaskit.js,E:\EduSphere\.dart_tool\flutter_build\47638bde7e51e4b5f98dbf777824da38\canvaskit\chromium\canvaskit.js.symbols,E:\EduSphere\.dart_tool\flutter_build\47638bde7e51e4b5f98dbf777824da38\canvaskit\chromium\canvaskit.wasm,E:\EduSphere\.dart_tool\flutter_build\47638bde7e51e4b5f98dbf777824da38\canvaskit\skwasm.js,E:\EduSphere\.dart_tool\flutter_build\47638bde7e51e4b5f98dbf777824da38\canvaskit\skwasm.js.symbols,E:\EduSphere\.dart_tool\flutter_build\47638bde7e51e4b5f98dbf777824da38\canvaskit\skwasm.wasm,E:\EduSphere\.dart_tool\flutter_build\47638bde7e51e4b5f98dbf777824da38\canvaskit\skwasm_heavy.js,E:\EduSphere\.dart_tool\flutter_build\47638bde7e51e4b5f98dbf777824da38\canvaskit\skwasm_heavy.js.symbols,E:\EduSphere\.dart_tool\flutter_build\47638bde7e51e4b5f98dbf777824da38\canvaskit\skwasm_heavy.wasm,E:\EduSphere\.dart_tool\flutter_build\47638bde7e51e4b5f98dbf777824da38\canvaskit\wimp.js,E:\EduSphere\.dart_tool\flutter_build\47638bde7e51e4b5f98dbf777824da38\canvaskit\wimp.js.symbols,E:\EduSphere\.dart_tool\flutter_build\47638bde7e51e4b5f98dbf777824da38\canvaskit\wimp.wasm}
[+1642 ms] web_static_assets: Complete
[   +3 ms] dart2js: Starting due to {InvalidatedReasonKind.buildKeyChanged: The target build key changed., InvalidatedReasonKind.outputSetAddition: The following outputs were added to the output set: E:\EduSphere\.dart_tool\flutter_build\47638bde7e51e4b5f98dbf777824da38\main.dart.js}
[   +4 ms] executing: C:\Users\skans\Downloads\flutter\bin\cache\dart-sdk\bin\dart.exe compile js --platform-binaries=C:\Users\skans\Downloads\flutter\bin\cache\flutter_web_sdk\kernel --invoker=flutter_tool -Ddart.vm.product=true -DFLUTTER_VERSION=3.41.2 -DFLUTTER_CHANNEL=stable -DFLUTTER_GIT_URL=https://github.com/flutter/flutter.git -DFLUTTER_FRAMEWORK_REVISION=90673a4eef -DFLUTTER_ENGINE_REVISION=6c0baaebf7 -DFLUTTER_DART_VERSION=3.11.0 -DFLUTTER_WEB_USE_SKIA=true -DFLUTTER_WEB_USE_SKWASM=false -DFLUTTER_WEB_CANVASKIT_URL=https://www.gstatic.com/flutter-canvaskit/6c0baaebf70e0148f485f27d5616b3d3382da7bf/ --native-null-assertions --no-source-maps -O4 --minify -o E:\EduSphere\.dart_tool\flutter_build\47638bde7e51e4b5f98dbf777824da38\app.dill --packages=E:\EduSphere\.dart_tool\package_config.json --cfe-only E:\EduSphere\.dart_tool\flutter_build\47638bde7e51e4b5f98dbf777824da38\main.dart
[        ] dart2wasm: Starting due to {}
[   +1 ms] executing: C:\Users\skans\Downloads\flutter\bin\cache\dart-sdk\bin\dart.exe compile wasm --packages=E:\EduSphere\.dart_tool\package_config.json --extra-compiler-option=--platform=C:\Users\skans\Downloads\flutter\bin\cache\flutter_web_sdk\kernel\dart2wasm_platform.dill -Ddart.vm.profile=false -Ddart.vm.product=true --extra-compiler-option=--delete-tostring-package-uri=dart:ui --extra-compiler-option=--delete-tostring-package-uri=package:flutter --extra-compiler-option=--import-shared-memory --extra-compiler-option=--shared-memory-max-pages=32768 -DFLUTTER_VERSION=3.41.2 -DFLUTTER_CHANNEL=stable -DFLUTTER_GIT_URL=https://github.com/flutter/flutter.git -DFLUTTER_FRAMEWORK_REVISION=90673a4eef -DFLUTTER_ENGINE_REVISION=6c0baaebf7 -DFLUTTER_DART_VERSION=3.11.0 -DFLUTTER_WEB_USE_SKIA=false -DFLUTTER_WEB_USE_SKWASM=true -DFLUTTER_WEB_CANVASKIT_URL=https://www.gstatic.com/flutter-canvaskit/6c0baaebf70e0148f485f27d5616b3d3382da7bf/ --extra-compiler-option=--depfile=E:\EduSphere\.dart_tool\flutter_build\47638bde7e51e4b5f98dbf777824da38\dart2wasm.d -O2 --strip-wasm --no-source-maps --minify --extra-compiler-option=--dry-run -o E:\EduSphere\.dart_tool\flutter_build\47638bde7e51e4b5f98dbf777824da38\main.dart.wasm E:\EduSphere\.dart_tool\flutter_build\47638bde7e51e4b5f98dbf777824da38\main.dart
[  +31 ms] web_templated_files: Complete
[+6752 ms] Unhandled exception:
           Unsupported operation: Cannot extract a file path from a org-dartlang-untranslatable-uri URI
           #0      _Uri.toFilePath (dart:core/uri.dart:3432)
           #1      DryRunSummarizer._lintChecks (package:dart2wasm/dry_run.dart:167)
           #2      DryRunSummarizer.summarize (package:dart2wasm/dry_run.dart:236)
           #3      _runCfePhase (package:dart2wasm/compile.dart:355)
           <asynchronous suspension>
           #4      compile (package:dart2wasm/compile.dart:222)
           <asynchronous suspension>
           #5      generateWasm (package:dart2wasm/generate_wasm.dart:63)
           <asynchronous suspension>
           #6      main (file:///C:/b/s/w/ir/x/w/sdk/pkg/dart2wasm/bin/dart2wasm.dart:10)
           <asynchronous suspension>
[   +3 ms] dart2wasm: Complete
[+1050 ms] Error: Couldn't resolve the package 'flutter_inappwebview_web' in 'package:flutter_inappwebview_web/web/main.dart'.
           .dart_tool/flutter_build/47638bde7e51e4b5f98dbf777824da38/web_plugin_registrant.dart:11:8:
           Error: Not found: 'package:flutter_inappwebview_web/web/main.dart'
           import 'package:flutter_inappwebview_web/web/main.dart';
                  ^
           .dart_tool/flutter_build/47638bde7e51e4b5f98dbf777824da38/web_plugin_registrant.dart:20:3:
           Error: Undefined name 'InAppWebViewFlutterPlugin'.
             InAppWebViewFlutterPlugin.registerWith(registrar);
             ^^^^^^^^^^^^^^^^^^^^^^^^^
           lib/screens/video_screen.dart:66:17:
           Error: The method 'pause' isn't defined for the type 'YoutubePlayerController'.
            - 'YoutubePlayerController' is from 'package:youtube_player_iframe/src/controller/youtube_player_controller.dart' ('/C:/Users/skans/AppData/Local/Pub/Cache/hosted/pub.dev/youtube_player_iframe-5.2.2/lib/src/controller/youtube_player_controller.dart').
               _controller.pause();
                           ^^^^^
           lib/screens/video_screen.dart:72:17:
           Error: The method 'dispose' isn't defined for the type 'YoutubePlayerController'.
            - 'YoutubePlayerController' is from 'package:youtube_player_iframe/src/controller/youtube_player_controller.dart' ('/C:/Users/skans/AppData/Local/Pub/Cache/hosted/pub.dev/youtube_player_iframe-5.2.2/lib/src/controller/youtube_player_controller.dart').
               _controller.dispose();
                           ^^^^^^^
           Error: Compilation failed.
[   +2 ms] Persisting file store
[  +11 ms] Done persisting file store
[   +2 ms] Compiling lib\main.dart for the Web... (completed in 9.6s)
[        ] "flutter web" took 10,330ms.
[        ] Running 1 shutdown hook
[   +1 ms] Shutdown hooks complete
[ +100 ms] exiting with code 1
